node.exe : - Building...
At C:\Users\pc\AppData\R
oaming\npm\ng.ps1:24 
char:5
+     & "node$exe"  "$ba
sedir/node_modules/@angu
lar/cli/bin/ng.js" $arg 
...
+     ~~~~~~~~~~~~~~~~~~
~~~~~~~~~~~~~~~~~~~~~~~~
~~~~~~~~~~~~~~~~~~~~~~~
    + CategoryInfo      
        : NotSpecified  
  : (- Building...:St   
 ring) [], RemoteExc    
eption
    + FullyQualifiedErr 
   orId : NativeComman  
  dError
 

Prerendered 0 static routes.
Application bundle generation failed. [6.813 seconds]

X [ERROR] Undefined 
variable.
     ÔòÀ
1045 Ôöé                
     background: 
linear-gradient(135deg, 
$gradient-start, 
$gradient-end);
     Ôöé                
                        
                 
^^^^^^^^^^^^^^^
     ÔòÁ
  src\app\features\marke
tplace\marketplace-add\m
arketplace-add.component
.scss 1045:57  root 
stylesheet [plugin 
angular-sass]


